// Jest Snapshot v1, https://goo.gl/fbAQLP

exports[`<Footer /> Renders correctly 1`] = `ShallowWrapper {}`;
