// Jest Snapshot v1, https://goo.gl/fbAQLP

exports[`<Menu /> Renders correctly 1`] = `ShallowWrapper {}`;
