// Jest Snapshot v1, https://goo.gl/fbAQLP

exports[`<NewPost /> Renders correctly 1`] = `ShallowWrapper {}`;
